$ cd /workspace/shadcn-ui && pnpm run build

> shadcnui@ build /workspace/shadcn-ui
> vite build

vite v5.4.19 building for production...
transforming...
✓ 2082 modules transformed.
rendering chunks...
computing gzip size...
dist/index.html                   1.24 kB │ gzip:   0.53 kB
dist/assets/index-BIvcMVhE.css   63.53 kB │ gzip:  11.30 kB
dist/assets/ui-DMISnfnY.js       34.99 kB │ gzip:  12.21 kB
dist/assets/vendor-Cx9q6pQ5.js  162.12 kB │ gzip:  52.90 kB
dist/assets/index-B71ItcgC.js   398.71 kB │ gzip: 108.92 kB
✓ built in 5.94s
$ cd /workspace/shadcn-ui && pnpm run build && echo "Building app with Netlify-compatible redirects..."


> shadcnui@ build /workspace/shadcn-ui
> vite build

vite v5.4.19 building for production...
transforming...
✓ 2082 modules transformed.
rendering chunks...
computing gzip size...
dist/index.html                   1.24 kB │ gzip:   0.53 kB
dist/assets/index-BIvcMVhE.css   63.53 kB │ gzip:  11.30 kB
dist/assets/ui-DMISnfnY.js       34.99 kB │ gzip:  12.21 kB
dist/assets/vendor-Cx9q6pQ5.js  162.12 kB │ gzip:  52.90 kB
dist/assets/index-B71ItcgC.js   398.71 kB │ gzip: 108.92 kB
✓ built in 6.50s
Building app with Netlify-compatible redirects...
$ cd /workspace && ls -la /workspace/uploads/WhatsApp\ Image\ 2025-08-04\ at\ 00.32.29.jpeg

-rw-r--r-- 1 root root 30088 Aug  3 10:32 /workspace/uploads/WhatsApp Image 2025-08-04 at 00.32.29.jpeg
$ cd /workspace/uploads && python3 -c "import base64; from PIL import Image; img = Image.open('WhatsApp Image 2025-08-04 at 00.32.29.jpeg'); img.save('error_screenshot.png'); print('Converted to PNG')"

Converted to PNG
$ cd /workspace/shadcn-ui && npm install -D serve && cat > server.js << 'EOL'
const express = require('express');
const path = require('path');
const app = express();
const PORT = process.env.PORT || 8000;

// Serve static files from the dist directory
app.use(express.static(path.join(__dirname, 'dist')));

// Handle all requests by sending the index.html file
// This ensures that client-side routing works properly
app.get('*', (req, res) => {
  res.sendFile(path.join(__dirname, 'dist', 'index.html'));
});

app.listen(PORT, '0.0.0.0', () => {
  console.log(`Server running on http://0.0.0.0:${PORT}`);
});
EOL

npm WARN deprecated rollup-plugin-terser@7.0.2: This package has been deprecated and is no longer maintained. Please use @rollup/plugin-terser

added 397 packages, changed 89 packages, and audited 487 packages in 47s

99 packages are looking for funding
  run `npm fund` for details

7 vulnerabilities (3 low, 4 moderate)

To address issues that do not require attention, run:
  npm audit fix

Some issues need review, and may require choosing
a different dependency.

Run `npm audit` for details.
$ cd /workspace/shadcn-ui && npm install express && node server.js


added 64 packages, and audited 551 packages in 4s

111 packages are looking for funding
  run `npm fund` for details

7 vulnerabilities (3 low, 4 moderate)

To address all issues possible (including breaking changes), run:
  npm audit fix --force

Some issues need review, and may require choosing
a different dependency.

Run `npm audit` for details.
file:///workspace/shadcn-ui/server.js:1
const express = require('express');
                ^

ReferenceError: require is not defined in ES module scope, you can use import instead
This file is being treated as an ES module because it has a '.js' file extension and '/workspace/shadcn-ui/package.json' contains "type": "module". To treat it as a CommonJS script, rename it to use the '.cjs' file extension.
    at file:///workspace/shadcn-ui/server.js:1:17
    at ModuleJob.run (node:internal/modules/esm/module_job:218:25)
    at async ModuleLoader.import (node:internal/modules/esm/loader:329:24)
    at async loadESM (node:internal/process/esm_loader:28:7)
    at async handleMainPromise (node:internal/modules/run_main:113:12)

Node.js v20.11.0
